// Jest Snapshot v1, https://goo.gl/fbAQLP

exports[`HomePage content matches snapshot 1`] = `
<Container
  className="HomePage"
>
  <Section>
    <h1>
      Home
    </h1>
  </Section>
</Container>
`;
