// Jest Snapshot v1, https://goo.gl/fbAQLP

exports[`ProfileSearch component with no props matches snapshot 1`] = `
<Route>
  <Component />
</Route>
`;
