// Jest Snapshot v1, https://goo.gl/fbAQLP

exports[`Routes component matches snapshot 1`] = `
<Fragment>
  <Authenticated>
    <Switch>
      <Route
        component={[Function]}
        exact={true}
        key="/"
        path="/"
      />
      <Route
        component={[Function]}
        exact={true}
        key="/account"
        path="/account"
      />
      <Route
        component={[Function]}
        exact={true}
        key="/profile/:id"
        path="/profile/:id"
      />
      <Route
        path="*"
        render={[Function]}
      />
    </Switch>
  </Authenticated>
  <Unauthenticated>
    <Switch>
      <Route
        component={[Function]}
        exact={true}
        key="/login"
        path="/login"
      />
      <Route
        component={[Function]}
        exact={true}
        key="/profile/:id"
        path="/profile/:id"
      />
      <Route
        component={[Function]}
        exact={true}
        key="/signup"
        path="/signup"
      />
      <Route
        path="*"
        render={[Function]}
      />
    </Switch>
  </Unauthenticated>
</Fragment>
`;
