// Jest Snapshot v1, https://goo.gl/fbAQLP

exports[`PostMenu component with post ID matches snapshot 1`] = `
<div
  className="PostMenu"
>
  <Button$2
    onClick={[Function]}
  >
    Actions
  </Button$2>
  <Dropdown
    onClose={[Function]}
    open={false}
  >
    <DeletePostButton
      postId="xxxx-xxxx-xxxx-xxxx"
    />
  </Dropdown>
</div>
`;
