// Jest Snapshot v1, https://goo.gl/fbAQLP

exports[`Header component matches snapshot 1`] = `
<Topbar
  className="Header"
>
  <Container>
    <Link
      className="logo"
      replace={false}
      to="/"
    >
      Social Network
    </Link>
    <div
      className="items"
    >
      <withRouter(ProfileSearch) />
      <Authenticated>
        <AccountMenu />
      </Authenticated>
      <Unauthenticated>
        <ButtonLink
          to="/login"
        >
          Login
        </ButtonLink>
        <ButtonLink
          to="/signup"
        >
          Signup
        </ButtonLink>
      </Unauthenticated>
      <a
        href="https://github.com/davidchristie/social-network"
      >
        <Avatar$2
          image="GitHub.png"
        />
      </a>
    </div>
  </Container>
</Topbar>
`;
