// Jest Snapshot v1, https://goo.gl/fbAQLP

exports[`Modal component when closed matches snapshot 1`] = `""`;
