// Jest Snapshot v1, https://goo.gl/fbAQLP

exports[`AccountPage content matches snapshot 1`] = `
<Container>
  <Section>
    <h1>
      Account
    </h1>
    <UpdateProfileForm$1 />
    <UpdateAccountForm$1 />
    <UpdatePasswordForm />
  </Section>
</Container>
`;
