// Jest Snapshot v1, https://goo.gl/fbAQLP

exports[`AccountMenu component with no props matches snapshot 1`] = `
<AccountQuery>
  <Component />
</AccountQuery>
`;

exports[`AccountMenuContent component renders loading state matches snapshot 1`] = `<Loading />`;

exports[`AccountMenuContent component renders profile with no avatar matches snapshot 1`] = `
<div
  className="AccountMenu"
>
  <Avatar
    onClick={[Function]}
    size="small"
  />
  <Dropdown
    onClose={[Function]}
    open={false}
  >
    <ButtonLink
      onClick={[Function]}
      to="profile/PROFILE_ID"
    >
      Profile
    </ButtonLink>
    <ButtonLink
      onClick={[Function]}
      to="/account"
    >
      Account
    </ButtonLink>
    <hr />
    <LogoutButton />
  </Dropdown>
</div>
`;
