// Jest Snapshot v1, https://goo.gl/fbAQLP

exports[`Theme component matches snapshot 1`] = `
<div
  className="Theme"
/>
`;
