// Jest Snapshot v1, https://goo.gl/fbAQLP

exports[`Grid component with no props matches snapshot 1`] = `<WithStyles(Grid) />`;
