// Jest Snapshot v1, https://goo.gl/fbAQLP

exports[`SignupPage component matches snapshot 1`] = `
<Container>
  <SignupForm />
</Container>
`;
