// Jest Snapshot v1, https://goo.gl/fbAQLP

exports[`AccountPage component matches snapshot 1`] = `
<Container>
  <Section>
    <h1>
      Account
    </h1>
    <UpdateProfileFormContainer />
    <UpdateAccountFormContainer />
    <UpdatePasswordFormContainer />
  </Section>
</Container>
`;
