// Jest Snapshot v1, https://goo.gl/fbAQLP

exports[`Input component with label and name matches snapshot 1`] = `
<WithStyles(FormControl)
  fullWidth={true}
  margin="normal"
>
  <WithStyles(InputLabel)
    htmlFor="id"
  >
    Label
  </WithStyles(InputLabel)>
  <WithStyles(Input)
    autoComplete="name"
    id="id"
    name="name"
  />
</WithStyles(FormControl)>
`;
