// Jest Snapshot v1, https://goo.gl/fbAQLP

exports[`HomePage component matches snapshot 1`] = `
<div>
  <Section>
    <h1>
      Home
    </h1>
  </Section>
</div>
`;
