// Jest Snapshot v1, https://goo.gl/fbAQLP

exports[`DeletePostButton component with no props matches snapshot 1`] = `
<Query
  query={
    Object {
      "definitions": Array [
        Object {
          "directives": Array [],
          "kind": "FragmentDefinition",
          "name": Object {
            "kind": "Name",
            "value": "Image",
          },
          "selectionSet": Object {
            "kind": "SelectionSet",
            "selections": Array [
              Object {
                "alias": undefined,
                "arguments": Array [],
                "directives": Array [],
                "kind": "Field",
                "name": Object {
                  "kind": "Name",
                  "value": "id",
                },
                "selectionSet": undefined,
              },
              Object {
                "alias": undefined,
                "arguments": Array [],
                "directives": Array [],
                "kind": "Field",
                "name": Object {
                  "kind": "Name",
                  "value": "url",
                },
                "selectionSet": undefined,
              },
            ],
          },
          "typeCondition": Object {
            "kind": "NamedType",
            "name": Object {
              "kind": "Name",
              "value": "Image",
            },
          },
        },
        Object {
          "directives": Array [],
          "kind": "OperationDefinition",
          "name": Object {
            "kind": "Name",
            "value": "Account",
          },
          "operation": "query",
          "selectionSet": Object {
            "kind": "SelectionSet",
            "selections": Array [
              Object {
                "alias": undefined,
                "arguments": Array [],
                "directives": Array [],
                "kind": "Field",
                "name": Object {
                  "kind": "Name",
                  "value": "account",
                },
                "selectionSet": Object {
                  "kind": "SelectionSet",
                  "selections": Array [
                    Object {
                      "alias": undefined,
                      "arguments": Array [],
                      "directives": Array [],
                      "kind": "Field",
                      "name": Object {
                        "kind": "Name",
                        "value": "email",
                      },
                      "selectionSet": undefined,
                    },
                    Object {
                      "alias": undefined,
                      "arguments": Array [],
                      "directives": Array [],
                      "kind": "Field",
                      "name": Object {
                        "kind": "Name",
                        "value": "id",
                      },
                      "selectionSet": undefined,
                    },
                    Object {
                      "alias": undefined,
                      "arguments": Array [],
                      "directives": Array [],
                      "kind": "Field",
                      "name": Object {
                        "kind": "Name",
                        "value": "name",
                      },
                      "selectionSet": undefined,
                    },
                    Object {
                      "alias": undefined,
                      "arguments": Array [],
                      "directives": Array [],
                      "kind": "Field",
                      "name": Object {
                        "kind": "Name",
                        "value": "profile",
                      },
                      "selectionSet": Object {
                        "kind": "SelectionSet",
                        "selections": Array [
                          Object {
                            "alias": undefined,
                            "arguments": Array [],
                            "directives": Array [],
                            "kind": "Field",
                            "name": Object {
                              "kind": "Name",
                              "value": "avatar",
                            },
                            "selectionSet": Object {
                              "kind": "SelectionSet",
                              "selections": Array [
                                Object {
                                  "directives": Array [],
                                  "kind": "FragmentSpread",
                                  "name": Object {
                                    "kind": "Name",
                                    "value": "Image",
                                  },
                                },
                              ],
                            },
                          },
                          Object {
                            "alias": undefined,
                            "arguments": Array [],
                            "directives": Array [],
                            "kind": "Field",
                            "name": Object {
                              "kind": "Name",
                              "value": "id",
                            },
                            "selectionSet": undefined,
                          },
                          Object {
                            "alias": undefined,
                            "arguments": Array [],
                            "directives": Array [],
                            "kind": "Field",
                            "name": Object {
                              "kind": "Name",
                              "value": "name",
                            },
                            "selectionSet": undefined,
                          },
                        ],
                      },
                    },
                  ],
                },
              },
            ],
          },
          "variableDefinitions": Array [],
        },
      ],
      "kind": "Document",
      "loc": Object {
        "end": 220,
        "start": 0,
      },
    }
  }
>
  <Component />
</Query>
`;
