// Jest Snapshot v1, https://goo.gl/fbAQLP

exports[`Topbar component matches snapshot 1`] = `
<div
  className="topbar"
>
  <WithStyles(AppBar)
    color="default"
    position="fixed"
  >
    <WithStyles(Toolbar) />
  </WithStyles(AppBar)>
</div>
`;
