// Jest Snapshot v1, https://goo.gl/fbAQLP

exports[`UpdateProfile mutation matches snapshot 1`] = `
Object {
  "definitions": Array [
    Object {
      "directives": Array [],
      "kind": "FragmentDefinition",
      "name": Object {
        "kind": "Name",
        "value": "Image",
      },
      "selectionSet": Object {
        "kind": "SelectionSet",
        "selections": Array [
          Object {
            "alias": undefined,
            "arguments": Array [],
            "directives": Array [],
            "kind": "Field",
            "name": Object {
              "kind": "Name",
              "value": "id",
            },
            "selectionSet": undefined,
          },
          Object {
            "alias": undefined,
            "arguments": Array [],
            "directives": Array [],
            "kind": "Field",
            "name": Object {
              "kind": "Name",
              "value": "url",
            },
            "selectionSet": undefined,
          },
        ],
      },
      "typeCondition": Object {
        "kind": "NamedType",
        "name": Object {
          "kind": "Name",
          "value": "Image",
        },
      },
    },
    Object {
      "directives": Array [],
      "kind": "OperationDefinition",
      "name": Object {
        "kind": "Name",
        "value": "UpdateProfile",
      },
      "operation": "mutation",
      "selectionSet": Object {
        "kind": "SelectionSet",
        "selections": Array [
          Object {
            "alias": undefined,
            "arguments": Array [
              Object {
                "kind": "Argument",
                "name": Object {
                  "kind": "Name",
                  "value": "data",
                },
                "value": Object {
                  "kind": "Variable",
                  "name": Object {
                    "kind": "Name",
                    "value": "data",
                  },
                },
              },
            ],
            "directives": Array [],
            "kind": "Field",
            "name": Object {
              "kind": "Name",
              "value": "updateProfile",
            },
            "selectionSet": Object {
              "kind": "SelectionSet",
              "selections": Array [
                Object {
                  "alias": undefined,
                  "arguments": Array [],
                  "directives": Array [],
                  "kind": "Field",
                  "name": Object {
                    "kind": "Name",
                    "value": "avatar",
                  },
                  "selectionSet": Object {
                    "kind": "SelectionSet",
                    "selections": Array [
                      Object {
                        "directives": Array [],
                        "kind": "FragmentSpread",
                        "name": Object {
                          "kind": "Name",
                          "value": "Image",
                        },
                      },
                    ],
                  },
                },
                Object {
                  "alias": undefined,
                  "arguments": Array [],
                  "directives": Array [],
                  "kind": "Field",
                  "name": Object {
                    "kind": "Name",
                    "value": "id",
                  },
                  "selectionSet": undefined,
                },
                Object {
                  "alias": undefined,
                  "arguments": Array [],
                  "directives": Array [],
                  "kind": "Field",
                  "name": Object {
                    "kind": "Name",
                    "value": "name",
                  },
                  "selectionSet": undefined,
                },
              ],
            },
          },
        ],
      },
      "variableDefinitions": Array [
        Object {
          "defaultValue": undefined,
          "kind": "VariableDefinition",
          "type": Object {
            "kind": "NonNullType",
            "type": Object {
              "kind": "NamedType",
              "name": Object {
                "kind": "Name",
                "value": "ProfileUpdateInput",
              },
            },
          },
          "variable": Object {
            "kind": "Variable",
            "name": Object {
              "kind": "Name",
              "value": "data",
            },
          },
        },
      ],
    },
  ],
  "kind": "Document",
  "loc": Object {
    "end": 210,
    "start": 0,
  },
}
`;
