// Jest Snapshot v1, https://goo.gl/fbAQLP

exports[`Layout component matches snapshot 1`] = `
<div
  className="Layout"
>
  <Header />
  <div
    className="page-content"
  >
    <Container />
  </div>
</div>
`;
