// Jest Snapshot v1, https://goo.gl/fbAQLP

exports[`LogoutButton component matches snapshot 1`] = `
<Button
  onClick={[Function]}
>
  Logout
</Button>
`;
